## Error Message
Unknown event handler property `onPreviousClick`. It will be ignored.


    at nav (<anonymous>:null:null)
    at Calendar.components.Nav (src/components/date-time-picker/new_calendar.tsx:183:7)
    at Calendar (src/components/date-time-picker/new_calendar.tsx:51:3)
    at DatePicker (src/components/date-time-picker/new_date_picker.tsx:44:5)
    at Object.render (src/app/uredi/[draft_id]/settings-form.tsx:53:9)
    at FormControl (src/components/ui/form.tsx:113:3)
    at Object.render (src/app/uredi/[draft_id]/settings-form.tsx:52:8)
    at FormField (src/components/ui/form.tsx:38:4)
    at SettingsForm (src/app/uredi/[draft_id]/settings-form.tsx:46:5)
    at SettingsDialog (src/app/uredi/[draft_id]/settings-dialog.tsx:47:5)
    at EditorPage (src\app\uredi\[draft_id]\page.tsx:136:6)

## Code Frame
  181 | 					}, [goToMonth, nextMonth]);
  182 | 					return (
> 183 | 						<nav className={cn("flex items-center", className)} {...props}>
      | ^
  184 | 							<Button
  185 | 								variant="outline"
  186 | 								className="absolute left-0 h-7 w-7 bg-transparent p-0 opacity-80 hover:opacity-100"

Next.js version: 16.2.10 (Turbopack)


## Error Type
Console Error

## Error Message
Unknown event handler property `onNextClick`. It will be ignored.


    at nav (<anonymous>:null:null)
    at Calendar.components.Nav (src/components/date-time-picker/new_calendar.tsx:183:7)
    at Calendar (src/components/date-time-picker/new_calendar.tsx:51:3)
    at DatePicker (src/components/date-time-picker/new_date_picker.tsx:44:5)
    at Object.render (src/app/uredi/[draft_id]/settings-form.tsx:53:9)
    at FormControl (src/components/ui/form.tsx:113:3)
    at Object.render (src/app/uredi/[draft_id]/settings-form.tsx:52:8)
    at FormField (src/components/ui/form.tsx:38:4)
    at SettingsForm (src/app/uredi/[draft_id]/settings-form.tsx:46:5)
    at SettingsDialog (src/app/uredi/[draft_id]/settings-dialog.tsx:47:5)
    at EditorPage (src\app\uredi\[draft_id]\page.tsx:136:6)

## Code Frame
  181 | 					}, [goToMonth, nextMonth]);
  182 | 					return (
> 183 | 						<nav className={cn("flex items-center", className)} {...props}>
      | ^
  184 | 							<Button
  185 | 								variant="outline"
  186 | 								className="absolute left-0 h-7 w-7 bg-transparent p-0 opacity-80 hover:opacity-100"

Next.js version: 16.2.10 (Turbopack)


## Error Type
Console Error

## Error Message
React does not recognize the `previousMonth` prop on a DOM element. If you intentionally want it to appear in the DOM as a custom attribute, spell it as lowercase `previousmonth` instead. If you accidentally passed it from a parent component, remove it from the DOM element.


    at nav (<anonymous>:null:null)
    at Calendar.components.Nav (src/components/date-time-picker/new_calendar.tsx:183:7)
    at Calendar (src/components/date-time-picker/new_calendar.tsx:51:3)
    at DatePicker (src/components/date-time-picker/new_date_picker.tsx:44:5)
    at Object.render (src/app/uredi/[draft_id]/settings-form.tsx:53:9)
    at FormControl (src/components/ui/form.tsx:113:3)
    at Object.render (src/app/uredi/[draft_id]/settings-form.tsx:52:8)
    at FormField (src/components/ui/form.tsx:38:4)
    at SettingsForm (src/app/uredi/[draft_id]/settings-form.tsx:46:5)
    at SettingsDialog (src/app/uredi/[draft_id]/settings-dialog.tsx:47:5)
    at EditorPage (src\app\uredi\[draft_id]\page.tsx:136:6)

## Code Frame
  181 | 					}, [goToMonth, nextMonth]);
  182 | 					return (
> 183 | 						<nav className={cn("flex items-center", className)} {...props}>
      | ^
  184 | 							<Button
  185 | 								variant="outline"
  186 | 								className="absolute left-0 h-7 w-7 bg-transparent p-0 opacity-80 hover:opacity-100"

Next.js version: 16.2.10 (Turbopack)


## Error Type
Console Error

## Error Message
React does not recognize the `nextMonth` prop on a DOM element. If you intentionally want it to appear in the DOM as a custom attribute, spell it as lowercase `nextmonth` instead. If you accidentally passed it from a parent component, remove it from the DOM element.


    at nav (<anonymous>:null:null)
    at Calendar.components.Nav (src/components/date-time-picker/new_calendar.tsx:183:7)
    at Calendar (src/components/date-time-picker/new_calendar.tsx:51:3)
    at DatePicker (src/components/date-time-picker/new_date_picker.tsx:44:5)
    at Object.render (src/app/uredi/[draft_id]/settings-form.tsx:53:9)
    at FormControl (src/components/ui/form.tsx:113:3)
    at Object.render (src/app/uredi/[draft_id]/settings-form.tsx:52:8)
    at FormField (src/components/ui/form.tsx:38:4)
    at SettingsForm (src/app/uredi/[draft_id]/settings-form.tsx:46:5)
    at SettingsDialog (src/app/uredi/[draft_id]/settings-dialog.tsx:47:5)
    at EditorPage (src\app\uredi\[draft_id]\page.tsx:136:6)

## Code Frame
  181 | 					}, [goToMonth, nextMonth]);
  182 | 					return (
> 183 | 						<nav className={cn("flex items-center", className)} {...props}>
      | ^
  184 | 							<Button
  185 | 								variant="outline"
  186 | 								className="absolute left-0 h-7 w-7 bg-transparent p-0 opacity-80 hover:opacity-100"

Next.js version: 16.2.10 (Turbopack)
